
=== LOADING SOUNDS ===
? ?m thanh: nhacnen.mp3
==== JavaSound Minim Error ====
==== Don't know the ID3 code TSSE

? ?m thanh: amthanhspawn.mp3
? ?m thanh: amthanhcull.mp3
==== JavaSound Minim Error ====
==== Don't know the ID3 code TSSE

? ?m thanh: amthanhbutton.mp3
=== SOUND LOADING DONE ===

? Kh?i ??ng nh?c n?n...
? Nh?c n?n ?ang ph?t (volume: 0.50)
Setup Done
Sec 1.0463449 | Algae: 1588 | Sardine: 55 | Crab: 20 | Shark: 6 | Total: 1670
Sec 1.9488926 | Algae: 1563 | Sardine: 62 | Crab: 20 | Shark: 9 | Total: 1659
Sec 2.90361 | Algae: 1547 | Sardine: 66 | Crab: 20 | Shark: 9 | Total: 1650
Sec 3.8765044 | Algae: 1528 | Sardine: 73 | Crab: 20 | Shark: 9 | Total: 1640
Sec 4.8482804 | Algae: 1494 | Sardine: 83 | Crab: 20 | Shark: 11 | Total: 1622
Sec 5.839336 | Algae: 1440 | Sardine: 99 | Crab: 20 | Shark: 13 | Total: 1593
Sec 6.809595 | Algae: 1398 | Sardine: 113 | Crab: 20 | Shark: 14 | Total: 1569
Sec 7.74473 | Algae: 1349 | Sardine: 124 | Crab: 20 | Shark: 16 | Total: 1544
Sec 8.726543 | Algae: 1326 | Sardine: 125 | Crab: 20 | Shark: 19 | Total: 1534
Sec 9.684033 | Algae: 1283 | Sardine: 133 | Crab: 20 | Shark: 21 | Total: 1510
Sec 10.703394 | Algae: 1241 | Sardine: 139 | Crab: 20 | Shark: 24 | Total: 1488
Sec 11.683491 | Algae: 1204 | Sardine: 147 | Crab: 20 | Shark: 27 | Total: 1468
Sec 12.563607 | Algae: 1161 | Sardine: 161 | Crab: 20 | Shark: 27 | Total: 1443
Sec 13.625825 | Algae: 1098 | Sardine: 186 | Crab: 20 | Shark: 27 | Total: 1406
Sec 14.554528 | Algae: 1061 | Sardine: 184 | Crab: 20 | Shark: 30 | Total: 1387
Sec 15.51583 | Algae: 1034 | Sardine: 179 | Crab: 20 | Shark: 32 | Total: 1371
Sec 16.504866 | Algae: 1007 | Sardine: 178 | Crab: 20 | Shark: 36 | Total: 1358
Sec 17.568712 | Algae: 985 | Sardine: 170 | Crab: 20 | Shark: 39 | Total: 1347
Sec 18.448305 | Algae: 969 | Sardine: 183 | Crab: 20 | Shark: 41 | Total: 1359
Sec 19.442104 | Algae: 1043 | Sardine: 171 | Crab: 20 | Shark: 44 | Total: 1454
Sec 20.263468 | Algae: 1101 | Sardine: 180 | Crab: 20 | Shark: 45 | Total: 1534
Sec 21.27347 | Algae: 1167 | Sardine: 185 | Crab: 20 | Shark: 45 | Total: 1609
Sec 22.224371 | Algae: 1221 | Sardine: 180 | Crab: 20 | Shark: 47 | Total: 1669
Sec 23.250563 | Algae: 1250 | Sardine: 187 | Crab: 20 | Shark: 47 | Total: 1710
Sec 24.294064 | Algae: 1296 | Sardine: 180 | Crab: 20 | Shark: 47 | Total: 1756
Sec 25.209332 | Algae: 1340 | Sardine: 167 | Crab: 20 | Shark: 48 | Total: 1801
Sec 26.203333 | Algae: 1381 | Sardine: 150 | Crab: 22 | Shark: 48 | Total: 1842
Sec 27.169125 | Algae: 1423 | Sardine: 148 | Crab: 26 | Shark: 48 | Total: 1886
Sec 28.039555 | Algae: 1447 | Sardine: 146 | Crab: 29 | Shark: 48 | Total: 1912
Sec 29.18719 | Algae: 1480 | Sardine: 138 | Crab: 30 | Shark: 48 | Total: 1948
Sec 29.965406 | Algae: 1508 | Sardine: 126 | Crab: 31 | Shark: 49 | Total: 1977
Sec 30.991123 | Algae: 1539 | Sardine: 92 | Crab: 33 | Shark: 50 | Total: 2009
Sec 32.096035 | Algae: 1578 | Sardine: 81 | Crab: 36 | Shark: 50 | Total: 2049
Sec 32.909943 | Algae: 1621 | Sardine: 74 | Crab: 42 | Shark: 50 | Total: 2093
Sec 34.185574 | Algae: 1622 | Sardine: 60 | Crab: 48 | Shark: 50 | Total: 2095
Sec 34.845192 | Algae: 1622 | Sardine: 50 | Crab: 48 | Shark: 50 | Total: 2095
Sec 35.99846 | Algae: 1622 | Sardine: 45 | Crab: 48 | Shark: 50 | Total: 2095
Sec 36.852882 | Algae: 1622 | Sardine: 33 | Crab: 48 | Shark: 49 | Total: 2095
Sec 37.825787 | Algae: 1676 | Sardine: 31 | Crab: 50 | Shark: 48 | Total: 2149
Sec 38.698315 | Algae: 1784 | Sardine: 25 | Crab: 56 | Shark: 48 | Total: 2260
Sec 39.63158 | Algae: 1869 | Sardine: 24 | Crab: 56 | Shark: 47 | Total: 2345
Sec 40.597496 | Algae: 1951 | Sardine: 21 | Crab: 49 | Shark: 46 | Total: 2427
Sec 41.723946 | Algae: 2038 | Sardine: 13 | Crab: 49 | Shark: 43 | Total: 2514
Sec 42.545624 | Algae: 2113 | Sardine: 10 | Crab: 49 | Shark: 43 | Total: 2589
Sec 43.777683 | Algae: 2212 | Sardine: 7 | Crab: 52 | Shark: 42 | Total: 2688
Sec 45.028687 | Algae: 2288 | Sardine: 5 | Crab: 53 | Shark: 42 | Total: 2763
SUCCESS: Survived 45 seconds!
X11Util.Display: Shutdown (JVM shutdown: true, open (no close attempt): 3/3, reusable (open, marked uncloseable): 0, pending (open in creation order): 3)
X11Util: Open X11 Display Connections: 3
X11Util: Open[0]: NamedX11Display[:1, 0x7f9828828d60, refCount 1, unCloseable false]
X11Util: Open[1]: NamedX11Display[:1, 0x7f96c4001500, refCount 1, unCloseable false]
X11Util: Open[2]: NamedX11Display[:1, 0x7f96c4013ec0, refCount 1, unCloseable false]
Finished.
